
Memory Configuration

Name             Origin             Length             Attributes
Flash            0x00000000         0x20000000         xr
RAM              0x20000000         0x20000000         xrw
*default*        0x00000000         0xffffffff

Linker script and memory map


.text           0x00000000      0x140
 *(.vectors)
 .vectors       0x00000000       0x1c startup.o
                0x00000000                vectors
 *(.text)
 .text          0x0000001c       0x94 startup.o
                0x0000001c                reset
                0x000000a4                default_handler
                0x000000a4                MM_Fault_Handler
                0x000000a4                Bus_Fault
                0x000000a4                H_fault_Handler
                0x000000a4                Usage_Fault_Handler
                0x000000a4                NMI_Handler
 .text          0x000000b0       0x90 main.o
                0x000000b0                main
                0x00000140                E_text = .

.glue_7         0x00000140        0x0
 .glue_7        0x00000140        0x0 linker stubs

.glue_7t        0x00000140        0x0
 .glue_7t       0x00000140        0x0 linker stubs

.vfp11_veneer   0x00000140        0x0
 .vfp11_veneer  0x00000140        0x0 linker stubs

.v4_bx          0x00000140        0x0
 .v4_bx         0x00000140        0x0 linker stubs

.iplt           0x00000140        0x0
 .iplt          0x00000140        0x0 startup.o

.rel.dyn        0x00000140        0x0
 .rel.iplt      0x00000140        0x0 startup.o

.data           0x20000000        0x0 load address 0x00000140
                0x20000000                S_data = .
 *(.data)
 .data          0x20000000        0x0 startup.o
 .data          0x20000000        0x0 main.o
                0x20000000                E_data = .

.igot.plt       0x20000000        0x0 load address 0x00000140
 .igot.plt      0x20000000        0x0 startup.o

.bss            0x20000000      0x400 load address 0x00000140
                0x20000000                S_bss = .
 *(.bss)
 .bss           0x20000000      0x400 startup.o
 .bss           0x20000400        0x0 main.o
                0x20000400                E_bss = .
LOAD startup.o
LOAD main.o
OUTPUT(lab4.elf elf32-littlearm)
LOAD linker stubs

.debug_info     0x00000000      0x1b5
 .debug_info    0x00000000      0x14f startup.o
 .debug_info    0x0000014f       0x66 main.o

.debug_abbrev   0x00000000      0x134
 .debug_abbrev  0x00000000       0xd4 startup.o
 .debug_abbrev  0x000000d4       0x60 main.o

.debug_loc      0x00000000       0xb4
 .debug_loc     0x00000000       0x7c startup.o
 .debug_loc     0x0000007c       0x38 main.o

.debug_aranges  0x00000000       0x40
 .debug_aranges
                0x00000000       0x20 startup.o
 .debug_aranges
                0x00000020       0x20 main.o

.debug_line     0x00000000      0x151
 .debug_line    0x00000000       0xb9 startup.o
 .debug_line    0x000000b9       0x98 main.o

.debug_str      0x00000000      0x122
 .debug_str     0x00000000      0x116 startup.o
 .debug_str     0x00000116        0xc main.o
                                 0xb0 (size before relaxing)

.comment        0x00000000       0x49
 .comment       0x00000000       0x49 startup.o
                                 0x4a (size before relaxing)
 .comment       0x00000049       0x4a main.o

.ARM.attributes
                0x00000000       0x2e
 .ARM.attributes
                0x00000000       0x2e startup.o
 .ARM.attributes
                0x0000002e       0x2e main.o

.debug_frame    0x00000000       0x7c
 .debug_frame   0x00000000       0x50 startup.o
 .debug_frame   0x00000050       0x2c main.o
