
Memory Configuration

Name             Origin             Length             Attributes
Flash            0x08000000         0x00020000         xr
RAM              0x20000000         0x00005000         xrw
*default*        0x00000000         0xffffffff

Linker script and memory map


.text           0x08000000      0x158
 *(.vectors)
 .vectors       0x08000000       0x50 startup.o
                0x08000000                vectors
 *(.text)
 .text          0x08000050       0x94 startup.o
                0x08000050                reset
                0x080000d8                default_handler
                0x080000d8                MM_Fault_Handler
                0x080000d8                Bus_Fault
                0x080000d8                H_fault_Handler
                0x080000d8                Usage_Fault_Handler
                0x080000d8                NMI_Handler
 .text          0x080000e4       0x74 main.o
                0x080000e4                main
                0x08000158                E_text = .

.glue_7         0x08000158        0x0
 .glue_7        0x08000158        0x0 linker stubs

.glue_7t        0x08000158        0x0
 .glue_7t       0x08000158        0x0 linker stubs

.vfp11_veneer   0x08000158        0x0
 .vfp11_veneer  0x08000158        0x0 linker stubs

.v4_bx          0x08000158        0x0
 .v4_bx         0x08000158        0x0 linker stubs

.iplt           0x08000158        0x0
 .iplt          0x08000158        0x0 startup.o

.rel.dyn        0x08000158        0x0
 .rel.iplt      0x08000158        0x0 startup.o

.data           0x20000000        0xc load address 0x08000158
                0x20000000                S_data = .
 *(.data)
 .data          0x20000000        0x0 startup.o
 .data          0x20000000        0xc main.o
                0x20000000                GPIO_CRH
                0x20000004                GPIO_ODR
                0x20000008                RCC_APB2ENR
                0x2000000c                E_data = .

.igot.plt       0x2000000c        0x0 load address 0x08000164
 .igot.plt      0x2000000c        0x0 startup.o

.bss            0x2000000c        0x0 load address 0x08000164
                0x2000000c                S_bss = .
 *(.bss)
 .bss           0x2000000c        0x0 startup.o
 .bss           0x2000000c        0x0 main.o
                0x2000000c                E_bss = .
                0x2000100c                . = (. + 0x1000)
                0x2000100c                stack_top = .
LOAD startup.o
LOAD main.o
OUTPUT(lab2.elf elf32-littlearm)
LOAD linker stubs

.debug_info     0x00000000      0x2d8
 .debug_info    0x00000000      0x124 startup.o
 .debug_info    0x00000124      0x1b4 main.o

.debug_abbrev   0x00000000      0x1a8
 .debug_abbrev  0x00000000       0xc1 startup.o
 .debug_abbrev  0x000000c1       0xe7 main.o

.debug_loc      0x00000000       0xb4
 .debug_loc     0x00000000       0x7c startup.o
 .debug_loc     0x0000007c       0x38 main.o

.debug_aranges  0x00000000       0x40
 .debug_aranges
                0x00000000       0x20 startup.o
 .debug_aranges
                0x00000020       0x20 main.o

.debug_line     0x00000000      0x132
 .debug_line    0x00000000       0xb7 startup.o
 .debug_line    0x000000b7       0x7b main.o

.debug_str      0x00000000      0x185
 .debug_str     0x00000000      0x112 startup.o
 .debug_str     0x00000112       0x73 main.o
                                0x113 (size before relaxing)

.comment        0x00000000       0x49
 .comment       0x00000000       0x49 startup.o
                                 0x4a (size before relaxing)
 .comment       0x00000049       0x4a main.o

.ARM.attributes
                0x00000000       0x2d
 .ARM.attributes
                0x00000000       0x2d startup.o
 .ARM.attributes
                0x0000002d       0x2d main.o

.debug_frame    0x00000000       0x7c
 .debug_frame   0x00000000       0x50 startup.o
 .debug_frame   0x00000050       0x2c main.o
